2025-06-06 19:16:29 | Error [2] in C:\xampp\htdocs\yourname_assign1\assign1\user_login.php on line 23: Undefined variable $passwor
2025-06-06 19:16:29 | Error [8192] in C:\xampp\htdocs\yourname_assign1\assign1\user_login.php on line 23: password_verify(): Passing null to parameter #1 ($password) of type string is deprecated
2025-06-06 19:16:50 | Error [2] in C:\xampp\htdocs\yourname_assign1\assign1\user_login.php on line 23: Undefined variable $passwor
2025-06-06 19:16:50 | Error [8192] in C:\xampp\htdocs\yourname_assign1\assign1\user_login.php on line 23: password_verify(): Passing null to parameter #1 ($password) of type string is deprecated
2025-06-06 19:16:55 | Error [2] in C:\xampp\htdocs\yourname_assign1\assign1\user_login.php on line 23: Undefined variable $passwor
2025-06-06 19:16:55 | Error [8192] in C:\xampp\htdocs\yourname_assign1\assign1\user_login.php on line 23: password_verify(): Passing null to parameter #1 ($password) of type string is deprecated
2025-06-06 19:17:01 | Error [2] in C:\xampp\htdocs\yourname_assign1\assign1\user_login.php on line 23: Undefined variable $passwor
2025-06-06 19:17:01 | Error [8192] in C:\xampp\htdocs\yourname_assign1\assign1\user_login.php on line 23: password_verify(): Passing null to parameter #1 ($password) of type string is deprecated
2025-06-06 19:17:18 | Error [2] in C:\xampp\htdocs\yourname_assign1\assign1\user_login.php on line 23: Undefined variable $passwor
2025-06-06 19:17:18 | Error [8192] in C:\xampp\htdocs\yourname_assign1\assign1\user_login.php on line 23: password_verify(): Passing null to parameter #1 ($password) of type string is deprecated
2025-06-06 19:20:36 | Error [2] in C:\xampp\htdocs\yourname_assign1\assign1\user_login.php on line 23: Undefined variable $passwor
2025-06-06 19:20:36 | Error [8192] in C:\xampp\htdocs\yourname_assign1\assign1\user_login.php on line 23: password_verify(): Passing null to parameter #1 ($password) of type string is deprecated
2025-06-06 19:20:36 | Error [512] in C:\xampp\htdocs\yourname_assign1\assign1\user_login.php on line 37: Login failed for user 'admin': invalid password
2025-06-06 19:21:18 | Error [2] in C:\xampp\htdocs\yourname_assign1\assign1\user_login.php on line 23: Undefined variable $passwor
2025-06-06 19:21:18 | Error [8192] in C:\xampp\htdocs\yourname_assign1\assign1\user_login.php on line 23: password_verify(): Passing null to parameter #1 ($password) of type string is deprecated
2025-06-06 19:21:18 | Error [512] in C:\xampp\htdocs\yourname_assign1\assign1\user_login.php on line 37: Login failed for user 'admin': invalid password
2025-06-06 19:21:34 | Error [512] in C:\xampp\htdocs\yourname_assign1\assign1\user_login.php on line 43: Login failed: username 'timmy' not found
2025-06-06 19:24:51 | Error [512] in C:\xampp\htdocs\yourname_assign1\assign1\user_login.php on line 37: Login failed for user 'admin': invalid password
2025-06-06 19:24:58 | Error [512] in C:\xampp\htdocs\yourname_assign1\assign1\user_login.php on line 37: Login failed for user 'admin': invalid password
2025-06-06 19:25:06 | Error [512] in C:\xampp\htdocs\yourname_assign1\assign1\user_login.php on line 37: Login failed for user 'wb': invalid password
2025-06-06 19:33:06 | Error [512] in C:\xampp\htdocs\yourname_assign1\assign1\user_login.php on line 37: Login failed for user 'wb': invalid password
2025-06-07 10:23:08 | Error [512] in C:\xampp\htdocs\yourname_assign1\assign1\login_process.php on line 43: Login failed: username 'tim' not found
2025-06-07 19:18:41 | Error [512] in C:\xampp\htdocs\yourname_assign1\assign1\login_process.php on line 37: Login failed for user 'Username': invalid password
2025-06-07 19:18:53 | Error [512] in C:\xampp\htdocs\yourname_assign1\assign1\login_process.php on line 37: Login failed for user 'Username': invalid password
2025-06-07 19:27:41 | Error [512] in C:\xampp\htdocs\yourname_assign1\assign1\login_process.php on line 43: Login failed: username 'admin' not found
2025-06-08 07:28:45 | Error [512] in C:\xampp\htdocs\yourname_assign1\assign1\login_process.php on line 43: Login failed: username 'Username' not found
2025-06-08 07:28:58 | Error [512] in C:\xampp\htdocs\yourname_assign1\assign1\login_process.php on line 43: Login failed: username 'Username' not found
2025-06-09 06:04:19 | Error [512] in C:\xampp\htdocs\yourname_assign1\assign1\login_process.php on line 43: Login failed: username 'admin' not found
2025-06-09 08:58:53 | Error [512] in C:\xampp\htdocs\yourname_assign1\assign1\login_process.php on line 43: Login failed: username 'awd' not found
2025-06-09 09:07:11 | Error [8] in C:\xampp\htdocs\yourname_assign1\assign1\inc\login_status.inc on line 4: session_start(): Ignoring session_start() because a session is already active
2025-06-09 09:07:17 | Error [8] in C:\xampp\htdocs\yourname_assign1\assign1\inc\login_status.inc on line 4: session_start(): Ignoring session_start() because a session is already active
2025-06-09 09:17:36 | Error [512] in C:\xampp\htdocs\yourname_assign1\assign1\login_process.php on line 42: Login failed: username 'admin' not found
2025-06-09 09:39:59 | Error [512] in C:\xampp\htdocs\yourname_assign1\assign1\login_process.php on line 45: Login failed for user 'Username': invalid password
2025-06-09 10:39:17 | Error [512] in C:\xampp\htdocs\yourname_assign1\assign1\login_process.php on line 59: Login failed: username 'Yummer' not found
2025-06-09 10:39:20 | Error [512] in C:\xampp\htdocs\yourname_assign1\assign1\login_process.php on line 59: Login failed: username 'qwf' not found
2025-06-09 10:39:25 | Error [512] in C:\xampp\htdocs\yourname_assign1\assign1\login_process.php on line 59: Login failed: username 'qwewf' not found
2025-06-09 10:39:28 | Error [512] in C:\xampp\htdocs\yourname_assign1\assign1\login_process.php on line 53: Login failed for user 'Username': invalid password
2025-06-09 12:54:05 | Error [512] in C:\xampp\htdocs\yourname_assign1\assign1\login_process.php on line 53: Login failed for user 'Username': invalid password
2025-06-09 12:54:08 | Error [512] in C:\xampp\htdocs\yourname_assign1\assign1\login_process.php on line 53: Login failed for user 'Username': invalid password
2025-06-09 12:54:10 | Error [512] in C:\xampp\htdocs\yourname_assign1\assign1\login_process.php on line 53: Login failed for user 'Username': invalid password
2025-06-09 12:54:12 | Error [512] in C:\xampp\htdocs\yourname_assign1\assign1\login_process.php on line 53: Login failed for user 'Username': invalid password
2025-06-10 10:10:49 | Error [512] in C:\xampp\htdocs\yourname_assign1\assign1\login_process.php on line 59: Login failed: username 'Kelvin' not found
2025-06-10 10:18:44 | Error [2] in C:\xampp\htdocs\yourname_assign1\assign1\login_process.php on line 15: Undefined array key "username"
2025-06-10 10:18:44 | Error [2] in C:\xampp\htdocs\yourname_assign1\assign1\login_process.php on line 16: Undefined array key "password"
2025-06-10 10:21:25 | Error [2] in C:\xampp\htdocs\yourname_assign1\assign1\login_process.php on line 15: Undefined array key "username"
2025-06-10 10:21:25 | Error [2] in C:\xampp\htdocs\yourname_assign1\assign1\login_process.php on line 16: Undefined array key "password"
2025-06-10 10:22:57 | Error [2] in C:\xampp\htdocs\yourname_assign1\assign1\login_process.php on line 15: Undefined array key "username"
2025-06-10 10:22:57 | Error [2] in C:\xampp\htdocs\yourname_assign1\assign1\login_process.php on line 16: Undefined array key "password"
2025-06-10 10:26:41 | Error [2] in C:\xampp\htdocs\yourname_assign1\assign1\login_process.php on line 15: Undefined array key "username"
2025-06-10 10:26:41 | Error [2] in C:\xampp\htdocs\yourname_assign1\assign1\login_process.php on line 16: Undefined array key "password"
2025-06-10 10:32:19 | Error [512] in C:\xampp\htdocs\yourname_assign1\assign1\login_process.php on line 59: Login failed: username 'kelvinlau2228@gmail.com' not found
2025-06-10 10:37:12 | Error [512] in C:\xampp\htdocs\yourname_assign1\assign1\login_process.php on line 59: Login failed: username 'kelvinlau2228@gmail.com' not found
2025-06-10 10:37:42 | Error [512] in C:\xampp\htdocs\yourname_assign1\assign1\login_process.php on line 59: Login failed: username 'e' not found
2025-06-10 10:37:52 | Error [512] in C:\xampp\htdocs\yourname_assign1\assign1\login_process.php on line 59: Login failed: username 'kelvin' not found
2025-06-10 10:38:01 | Error [512] in C:\xampp\htdocs\yourname_assign1\assign1\login_process.php on line 59: Login failed: username 'kelvinlau2228@gmail.com' not found
2025-06-10 10:38:06 | Error [512] in C:\xampp\htdocs\yourname_assign1\assign1\login_process.php on line 59: Login failed: username 'rer' not found
2025-06-10 10:38:09 | Error [512] in C:\xampp\htdocs\yourname_assign1\assign1\login_process.php on line 59: Login failed: username 'r' not found
2025-06-10 10:38:13 | Error [512] in C:\xampp\htdocs\yourname_assign1\assign1\login_process.php on line 59: Login failed: username 'r' not found
2025-06-10 10:38:15 | Error [512] in C:\xampp\htdocs\yourname_assign1\assign1\login_process.php on line 59: Login failed: username 'r' not found
2025-06-10 11:46:08 | Error [512] in C:\xampp\htdocs\yourname_assign1\assign1\login_process.php on line 59: Login failed: username 'admin' not found
2025-06-10 11:47:20 | Error [512] in C:\xampp\htdocs\yourname_assign1\assign1\login_process.php on line 59: Login failed: username 'admin' not found
2025-06-10 11:51:09 | Error [512] in C:\xampp\htdocs\yourname_assign1\assign1\login_process.php on line 59: Login failed: username 'Kelvin' not found
2025-06-08 16:22:42 | Error [512] in C:\xampp\htdocs\yourname_assign1\assign1\login_process.php on line 43: Login failed: username 'admin' not found
2025-06-08 16:24:04 | Error [512] in C:\xampp\htdocs\yourname_assign1\assign1\login_process.php on line 43: Login failed: username 'admin' not found
2025-06-08 16:24:17 | Error [512] in C:\xampp\htdocs\yourname_assign1\assign1\login_process.php on line 43: Login failed: username 'admin' not found
2025-06-08 16:24:44 | Error [512] in C:\xampp\htdocs\yourname_assign1\assign1\login_process.php on line 43: Login failed: username 'wb' not found
2025-06-08 16:24:49 | Error [512] in C:\xampp\htdocs\yourname_assign1\assign1\login_process.php on line 43: Login failed: username 'admin' not found
2025-06-10 09:23:37 | Error [512] in C:\xampp\htdocs\yourname_assign1\assign1\login_process.php on line 53: Login failed for user 'Username': invalid password
2025-06-10 09:23:41 | Error [512] in C:\xampp\htdocs\yourname_assign1\assign1\login_process.php on line 53: Login failed for user 'Username': invalid password
2025-06-10 09:23:44 | Error [512] in C:\xampp\htdocs\yourname_assign1\assign1\login_process.php on line 53: Login failed for user 'Username': invalid password
2025-06-10 09:23:47 | Error [512] in C:\xampp\htdocs\yourname_assign1\assign1\login_process.php on line 53: Login failed for user 'Username': invalid password
2025-06-10 09:23:48 | Error [512] in C:\xampp\htdocs\yourname_assign1\assign1\login_process.php on line 53: Login failed for user 'Username': invalid password
2025-06-10 09:23:50 | Error [512] in C:\xampp\htdocs\yourname_assign1\assign1\login_process.php on line 53: Login failed for user 'Username': invalid password
2025-06-10 09:23:53 | Error [512] in C:\xampp\htdocs\yourname_assign1\assign1\login_process.php on line 59: Login failed: username 'Usernameas' not found
2025-06-10 09:23:56 | Error [512] in C:\xampp\htdocs\yourname_assign1\assign1\login_process.php on line 53: Login failed for user 'Username': invalid password
2025-06-10 09:23:58 | Error [512] in C:\xampp\htdocs\yourname_assign1\assign1\login_process.php on line 53: Login failed for user 'Username': invalid password
2025-06-10 09:24:00 | Error [512] in C:\xampp\htdocs\yourname_assign1\assign1\login_process.php on line 53: Login failed for user 'Username': invalid password
2025-06-10 09:24:45 | Error [512] in C:\xampp\htdocs\yourname_assign1\assign1\login_process.php on line 53: Login failed for user 'Username': invalid password
2025-06-10 09:24:47 | Error [512] in C:\xampp\htdocs\yourname_assign1\assign1\login_process.php on line 53: Login failed for user 'Username': invalid password
2025-06-10 09:24:49 | Error [512] in C:\xampp\htdocs\yourname_assign1\assign1\login_process.php on line 53: Login failed for user 'Username': invalid password
2025-06-10 09:24:51 | Error [512] in C:\xampp\htdocs\yourname_assign1\assign1\login_process.php on line 53: Login failed for user 'Username': invalid password
2025-06-10 09:24:53 | Error [512] in C:\xampp\htdocs\yourname_assign1\assign1\login_process.php on line 53: Login failed for user 'Username': invalid password
2025-06-10 16:44:39 | Error [512] in C:\xampp\htdocs\yourname_assign1\assign1\login_process.php on line 56: Login failed for user 'Username': invalid password
2025-06-10 16:44:55 | Error [512] in C:\xampp\htdocs\yourname_assign1\assign1\login_process.php on line 61: Login failed: username 'Username' not found
2025-06-10 17:10:02 | Error [512] in C:\xampp\htdocs\yourname_assign1\assign1\login_process.php on line 61: Login failed: username 'Username' not found
2025-06-10 19:00:39 | Error [512] in C:\xampp\htdocs\yourname_assign1\assign1\login_process.php on line 69: Login failed: username 'Alfred' not found or email not verified
2025-06-10 19:00:47 | Error [512] in C:\xampp\htdocs\yourname_assign1\assign1\login_process.php on line 69: Login failed: username 'Alfred' not found or email not verified
2025-06-10 19:23:05 | Error [512] in C:\xampp\htdocs\yourname_assign1\assign1\login_process.php on line 69: Login failed: username 'Alfred' not found or email not verified
2025-06-10 19:23:10 | Error [512] in C:\xampp\htdocs\yourname_assign1\assign1\login_process.php on line 69: Login failed: username 'Alfred' not found or email not verified
2025-06-11 03:48:54 | Error [2] in C:\xampp\htdocs\yourname_assign1\assign1\login_process.php on line 46: Undefined variable $role
2025-06-11 03:57:13 | Error [2] in C:\xampp\htdocs\yourname_assign1\assign1\login_process.php on line 46: Undefined variable $role
2025-06-11 04:39:36 | Error [2] in C:\xampp\htdocs\yourname_assign1\assign1\login_process.php on line 46: Undefined variable $role
2025-06-11 06:32:39 | Error [2] in C:\xampp\htdocs\yourname_assign1\assign1\login_process.php on line 46: Undefined variable $role
2025-06-11 06:37:57 | Error [2] in C:\xampp\htdocs\yourname_assign1\assign1\login_process.php on line 46: Undefined variable $role
2025-06-11 08:06:16 | Error [2] in C:\xampp\htdocs\yourname_assign1\assign1\login_process.php on line 46: Undefined variable $role
2025-06-11 11:27:34 | Error [2] in C:\xampp\htdocs\yourname_assign1\assign1\login_process.php on line 46: Undefined variable $role
2025-06-11 13:07:26 | Error [2] in C:\xampp\htdocs\yourname_assign1\assign1\login_process.php on line 46: Undefined variable $role
2025-06-11 13:30:00 | Error [2] in C:\xampp\htdocs\yourname_assign1\assign1\login_process.php on line 46: Undefined variable $role
2025-08-13 05:45:42 | Error [2] in C:\xampp\htdocs\yourname_assign1\assign1\login_process.php on line 46: Undefined variable $role
2025-10-09 09:22:44 | Error [2] in C:\xampp\htdocs\yourname_assign1\assign1\login_process.php on line 46: Undefined variable $role
2025-10-09 09:31:05 | Error [2] in C:\xampp\htdocs\yourname_assign1\assign1\login_process.php on line 46: Undefined variable $role
